// Vitest Snapshot v1, https://vitest.dev/guide/snapshot.html

exports[`REGR-01 AgentSidePanel 基本渲染 > DOM 快照（含闭合态） 1`] = `
<div
  class="hidden md:flex w-72 xl:w-96 shrink-0 flex-col font-mono border-l border-foreground/[0.08] dark:border-white/[0.08] bg-background/70 dark:bg-[rgba(10,10,26,0.65)] backdrop-blur-xl backdrop-saturate-150 shadow-2xl shadow-foreground/[0.06] dark:shadow-black/30"
>
  <div
    class="flex items-center justify-between px-3 h-9 shrink-0 border-b border-foreground/[0.08] dark:border-white/[0.08] bg-foreground/[0.03] dark:bg-white/[0.03]"
  >
    <div
      class="flex items-center gap-2"
    >
      <div
        class="flex items-center gap-1.5 mr-2"
      >
        <span
          class="w-3 h-3 rounded-full bg-[#FF5F57] shadow-sm"
        />
        <span
          class="w-3 h-3 rounded-full bg-[#FEBC2E] shadow-sm"
        />
        <span
          class="w-3 h-3 rounded-full bg-[#28C840] shadow-sm"
        />
      </div>
      <span
        class="text-[11px] tracking-wide text-foreground/70"
      >
        ⎔ AGENT STREAM · stock-analysis · zsh
      </span>
    </div>
    <span
      class="text-[10px] tabular-nums text-foreground/45"
    >
      07:12:07
    </span>
  </div>
  <div
    class="flex items-center justify-between px-3 h-7 shrink-0 border-b border-foreground/[0.06] dark:border-white/[0.06] bg-foreground/[0.02] dark:bg-white/[0.02]"
  >
    <span
      class="text-[10px] text-foreground/50"
    >
      0
       events · 
      0
      /
      10
       agents
    </span>
    <div
      class="flex items-center gap-1"
    >
      <button
        class="h-5 w-5 flex items-center justify-center rounded text-foreground/50 hover:text-foreground hover:bg-foreground/[0.06] dark:hover:bg-white/[0.06] transition-colors"
        title="清空视图 (不删除store)"
      >
        <svg
          aria-hidden="true"
          class="lucide lucide-trash2 lucide-trash-2 h-3 w-3"
          fill="none"
          height="24"
          stroke="currentColor"
          stroke-linecap="round"
          stroke-linejoin="round"
          stroke-width="2"
          viewBox="0 0 24 24"
          width="24"
          xmlns="http://www.w3.org/2000/svg"
        >
          <path
            d="M10 11v6"
          />
          <path
            d="M14 11v6"
          />
          <path
            d="M19 6v14a2 2 0 0 1-2 2H7a2 2 0 0 1-2-2V6"
          />
          <path
            d="M3 6h18"
          />
          <path
            d="M8 6V4a2 2 0 0 1 2-2h4a2 2 0 0 1 2 2v2"
          />
        </svg>
      </button>
      <button
        class="h-5 w-5 flex items-center justify-center rounded text-foreground/50 hover:text-foreground hover:bg-foreground/[0.06] dark:hover:bg-white/[0.06] transition-colors"
        title="导出日志"
      >
        <svg
          aria-hidden="true"
          class="lucide lucide-download h-3 w-3"
          fill="none"
          height="24"
          stroke="currentColor"
          stroke-linecap="round"
          stroke-linejoin="round"
          stroke-width="2"
          viewBox="0 0 24 24"
          width="24"
          xmlns="http://www.w3.org/2000/svg"
        >
          <path
            d="M12 15V3"
          />
          <path
            d="M21 15v4a2 2 0 0 1-2 2H5a2 2 0 0 1-2-2v-4"
          />
          <path
            d="m7 10 5 5 5-5"
          />
        </svg>
      </button>
      <button
        class="h-5 w-5 flex items-center justify-center rounded text-foreground/50 hover:text-foreground hover:bg-foreground/[0.06] dark:hover:bg-white/[0.06] transition-colors"
        title="折叠"
      >
        <svg
          aria-hidden="true"
          class="lucide lucide-chevron-right h-3 w-3"
          fill="none"
          height="24"
          stroke="currentColor"
          stroke-linecap="round"
          stroke-linejoin="round"
          stroke-width="2"
          viewBox="0 0 24 24"
          width="24"
          xmlns="http://www.w3.org/2000/svg"
        >
          <path
            d="m9 18 6-6-6-6"
          />
        </svg>
      </button>
    </div>
  </div>
  <div
    class="flex-1 min-h-0 overflow-y-auto px-3 py-2 space-y-0.5 agent-term-scroll bg-transparent"
    style="font-size: 12px; line-height: 1.65;"
  >
    <div
      class="flex items-start gap-2 animate-in fade-in slide-in-from-bottom-1 duration-300 whitespace-pre-wrap break-words rounded px-1 -mx-1 hover:bg-foreground/[0.04] dark:hover:bg-white/[0.04] transition-colors"
    >
      <span
        class="shrink-0 tabular-nums select-none text-foreground/40 text-[11px] pt-[1px]"
      >
        [
        08:00:00
        ]
      </span>
      <span
        class="min-w-0 flex-1 text-foreground/85"
      >
        <span
          class="text-[#3737CC] dark:text-[#7F7FFF]"
        >
          $ 
        </span>
        <span>
          awaiting stock-analysis pipeline... (type a code in chat to begin)
        </span>
      </span>
    </div>
  </div>
  <div
    class="flex items-center justify-between px-3 h-6 shrink-0 border-t border-foreground/[0.06] dark:border-white/[0.06] bg-foreground/[0.02] dark:bg-white/[0.02] text-[10px] tabular-nums text-foreground/50"
  >
    <span
      class="flex items-center gap-1.5"
    >
      <span
        class="w-2 h-2 rounded-full bg-foreground/30"
      />
      <span>
        idle
      </span>
    </span>
    <span>
      uptime 
      0s
    </span>
  </div>
  <style>
    
        @keyframes blink {
          0%, 50% { opacity: 1; }
          50.01%, 100% { opacity: 0; }
        }
        .agent-term-scroll::-webkit-scrollbar { width: 6px; }
        .agent-term-scroll::-webkit-scrollbar-track { background: transparent; }
        .agent-term-scroll::-webkit-scrollbar-thumb {
          background: rgba(127,127,127,0.25);
          border-radius: 3px;
        }
        .agent-term-scroll::-webkit-scrollbar-thumb:hover {
          background: rgba(127,127,127,0.45);
        }
      
  </style>
</div>
`;
